gsm.c:6:6:gsm_found	32	static
gsm.c:141:6:gsm_init_commands	24	static
gsm.c:167:6:gsm_lock	24	static
gsm.c:182:6:gsm_unlock	4	static
gsm.c:187:6:gsm_init	8	static
gsm.c:231:6:gsm_loop	112	static
gsm.c:483:6:gsm_power	40	static
gsm.c:564:6:gsm_registered	4	static
gsm.c:569:6:gsm_setDefault	24	static
gsm.c:587:6:gsm_saveProfile	24	static
gsm.c:605:6:gsm_enterPinPuk	64	static
gsm.c:630:6:gsm_getIMEI	64	static
gsm.c:660:6:gsm_getVersion	64	dynamic
gsm.c:692:6:gsm_getModel	64	dynamic
gsm.c:724:6:gsm_getServiceProviderName	64	dynamic
gsm.c:756:9:gsm_getSignalQuality_0_to_100	64	static
gsm.c:786:6:gsm_waitForRegister	24	static
gsm.c:811:6:gsm_tonePlay	64	static
gsm.c:838:6:gsm_toneStop	24	static
gsm.c:856:6:gsm_dtmf	64	static
gsm.c:876:6:gsm_ussd	72	dynamic
