gsm.c:9:6:gsm_printf	8	static
gsm.c:15:6:gsm_found	32	static
gsm.c:150:6:gsm_init_commands	24	static
gsm.c:176:6:gsm_lock	24	static
gsm.c:191:6:gsm_unlock	4	static
gsm.c:196:6:gsm_init	8	static
gsm.c:240:6:gsm_loop	112	static
gsm.c:492:6:gsm_power	40	static
gsm.c:573:6:gsm_registered	4	static
gsm.c:578:6:gsm_setDefault	24	static
gsm.c:596:6:gsm_saveProfile	24	static
gsm.c:614:6:gsm_enterPinPuk	64	static
gsm.c:639:6:gsm_getIMEI	64	static
gsm.c:669:6:gsm_getVersion	64	dynamic
gsm.c:701:6:gsm_getModel	64	dynamic
gsm.c:733:6:gsm_getServiceProviderName	64	dynamic
gsm.c:765:9:gsm_getSignalQuality_0_to_100	64	static
gsm.c:795:6:gsm_waitForRegister	24	static
gsm.c:820:6:gsm_tonePlay	64	static
gsm.c:847:6:gsm_toneStop	24	static
gsm.c:865:6:gsm_dtmf	64	static
gsm.c:885:6:gsm_ussd	72	dynamic
